// Jest Snapshot v1, https://goo.gl/fbAQLP

exports[`ConfirmationPopup Component matches snapshot when isOpen is false 1`] = `<DocumentFragment />`;

exports[`ConfirmationPopup Component matches snapshot when isOpen is true 1`] = `
<DocumentFragment>
  <div
    class="fixed top-0 left-0 w-full h-full bg-gray-800 bg-opacity-50 flex justify-center items-center"
  >
    <div
      class="bg-white p-4 rounded-md"
    >
      <p>
        VocÃª tem certeza que deseja excluir este pedido?
      </p>
      <div
        class="flex justify-end mt-4"
      >
        <button
          class="mr-2"
        >
          Cancelar
        </button>
        <button
          class="text-red-500 hover:text-red-700"
        >
          Confirmar
        </button>
      </div>
    </div>
  </div>
</DocumentFragment>
`;
