// Jest Snapshot v1, https://goo.gl/fbAQLP

exports[`Navbar Component matches snapshot 1`] = `
<DocumentFragment>
  <nav
    class="bg-gray-700 p-4 flex justify-between"
  >
    <ul
      class="flex items-center space-x-4 text-white"
    >
      <li>
        <a
          class="text-white-700
        hover:text-blue-500
        border-b-2 border-transparent
        transition-all duration-300 ease-in-out
        cursor-pointer
        font-semibold
        text-xl
      "
          href="/home"
        >
          Lista de Pedidos
        </a>
      </li>
      <li>
        <a
          class="text-white-700
        hover:text-blue-500
        border-b-2 border-transparent
        transition-all duration-300 ease-in-out
        cursor-pointer
        font-semibold
        text-xl
      "
          href="/create-order"
        >
          Criar Pedido
        </a>
      </li>
    </ul>
    <button
      class="bg-red-500 hover:bg-red-600 text-white font-bold py-2 px-4 rounded"
    >
      Sair
    </button>
  </nav>
</DocumentFragment>
`;
