// Jest Snapshot v1, https://goo.gl/fbAQLP

exports[`OrderStatusUpdater Component matches snapshot 1`] = `
<DocumentFragment>
  <div>
    <button
      class="bg-blue-500 hover:bg-blue-700 text-white font-bold py-2 px-4 rounded focus:outline-none focus:shadow-outline-blue active:bg-blue-800"
      type="button"
    >
      Editar Status
    </button>
  </div>
</DocumentFragment>
`;
