// Jest Snapshot v1, https://goo.gl/fbAQLP

exports[`SignUpForm Component matches snapshot 1`] = `
<DocumentFragment>
  <form
    class="flex flex-col gap-4 bg-white border border-gray-300 p-4"
  >
    <label
      class="block font-semibold text-gray-700"
    >
      Nome de usu√°rio:
      <input
        class="border border-gray-300 rounded p-2 w-full focus:outline-none focus:ring focus:border-blue-300"
        name="name"
        placeholder="Digite seu nome"
        type="text"
        value=""
      />
    </label>
    <label
      class="block font-semibold text-gray-700"
    >
      E-mail:
      <input
        class="border border-gray-300 rounded p-2 w-full focus:outline-none focus:ring focus:border-blue-300"
        name="email"
        placeholder="Digite seu email"
        type="email"
        value=""
      />
    </label>
    <label
      class="block font-semibold text-gray-700"
    >
      Senha:
      <input
        class="border border-gray-300 rounded p-2 w-full focus:outline-none focus:ring focus:border-blue-300"
        name="password"
        placeholder="Crie uma senha"
        type="password"
        value=""
      />
    </label>
    <button
      class="bg-blue-500 hover:bg-blue-700 text-white font-bold py-2 px-4 rounded focus:outline-none focus:shadow-outline-blue active:bg-blue-800"
      type="submit"
    >
      Cadastrar
    </button>
  </form>
</DocumentFragment>
`;
