// Jest Snapshot v1, https://goo.gl/fbAQLP

exports[`NavLink Component matches snapshot 1`] = `
<a
  class="text-white-700
        hover:text-blue-500
        border-b-2 border-transparent
        transition-all duration-300 ease-in-out
        cursor-pointer
        font-semibold
        text-xl
      "
  href="/sample-path"
>
  Sample NavLink
</a>
`;
